services:
- network_service: telnet
  port: 24
  state: disable
- network_service: trace
  port: 1026
  state: disable
- network_service: ssh
  port: 6000
  state: enable
- network_service: snmp
  port: 43856
  state: disable
- network_service: ftp-client
  port: null
  state: disable
- network_service: sftp-client
  port: null
  state: disable
- network_service: ntp
  port: 123
  state: enable
- network_service: radius
  port: null
  state: disable
- network_service: dhcp-relay
  port: 48791
  state: disable
- network_service: dhcpv6-relay
  port: 547
  state: disable
- network_service: ntp6
  port: 123
  state: enable
- network_service: ipdr
  port: 4737
  state: enable
- network_service: twamp
  port: 51487
  state: disable
- network_service: netconf
  port: 830
  state: disable
- network_service: telnetv6
  port: 23
  state: enable
- network_service: sshv6
  port: 22
  state: disable
- network_service: snmpv6
  port: 161
  state: enable
- network_service: web-proxy
  port: 8024
  state: enable
- network_service: portal
  port: 46827
  state: disable
- network_service: capwap
  port: 5246
  state: disable
