services:
- network_service: telnet
  port: 24
  state: enable
- network_service: trace
  port: 1026
  state: enable
- network_service: ssh
  port: 6000
  state: enable
- network_service: snmp
  port: 161
  state: enable
- network_service: ftp-client
  port: 62737
  state: enable
- network_service: sftp-client
  port: null
  state: enable
- network_service: ntp
  port: 123
  state: enable
- network_service: radius
  port: null
  state: enable
- network_service: dhcp-relay
  port: 39397
  state: enable
- network_service: dhcpv6-relay
  port: 547
  state: enable
- network_service: ntp6
  port: 123
  state: disable
- network_service: ipdr
  port: 4737
  state: disable
- network_service: twamp
  port: 862
  state: enable
- network_service: netconf
  port: 830
  state: disable
- network_service: telnetv6
  port: 64824
  state: enable
- network_service: sshv6
  port: 22
  state: enable
- network_service: snmpv6
  port: 161
  state: disable
- network_service: web-proxy
  port: 8024
  state: disable
- network_service: portal
  port: 2000
  state: disable
- network_service: capwap
  port: 5246
  state: disable
- network_service: mqtt
  port: 2871
  state: enable
