services:
- network_service: telnet
  port: 28939
  state: enable
- network_service: trace
  port: 1026
  state: disable
- network_service: ssh
  port: 6000
  state: enable
- network_service: snmp
  port: 65437
  state: disable
- network_service: ftp-client
  port: 46971
  state: disable
- network_service: sftp-client
  port: null
  state: enable
- network_service: ntp
  port: 123
  state: disable
- network_service: radius
  port: null
  state: disable
- network_service: dhcp-relay
  port: 67
  state: enable
- network_service: dhcpv6-relay
  port: 547
  state: enable
- network_service: ntp6
  port: 123
  state: enable
- network_service: ipdr
  port: 4737
  state: enable
- network_service: twamp
  port: 4294967295
  state: enable
- network_service: netconf
  port: 830
  state: disable
- network_service: telnetv6
  port: 23
  state: enable
- network_service: sshv6
  port: 4016
  state: disable
- network_service: snmpv6
  port: 31852
  state: enable
- network_service: web-proxy
  port: 65492
  state: disable
- network_service: portal
  port: 480
  state: enable
- network_service: capwap
  port: 5246
  state: enable
