services:
- network_service: telnet
  port: 24
  state: enable
- network_service: trace
  port: 19439
  state: enable
- network_service: ssh
  port: 6000
  state: enable
- network_service: snmp
  port: 161
  state: enable
- network_service: ftp-client
  port: null
  state: disable
- network_service: sftp-client
  port: null
  state: enable
- network_service: ntp
  port: 50040
  state: disable
- network_service: radius
  port: null
  state: enable
- network_service: dhcp-relay
  port: 61368
  state: disable
- network_service: dhcpv6-relay
  port: 547
  state: disable
- network_service: ntp6
  port: 123
  state: disable
- network_service: ipdr
  port: 4737
  state: enable
- network_service: twamp
  port: 4294967295
  state: disable
- network_service: netconf
  port: 6432
  state: enable
- network_service: telnetv6
  port: 23
  state: enable
- network_service: sshv6
  port: 22
  state: disable
- network_service: snmpv6
  port: 161
  state: disable
- network_service: web-proxy
  port: 23428
  state: enable
- network_service: portal
  port: 2000
  state: enable
- network_service: capwap
  port: 5246
  state: enable
